2021-03-11 22:34:55,664:INFO:flipkrat.py:Url hitted
2021-03-11 22:34:55,871:INFO:flipkrat.py:login popup handled
2021-03-11 22:34:56,219:INFO:flipkrat.py:Search begins
2021-03-11 22:34:59,039:INFO:flipkrat.py:Data saved in scrapper file
2021-03-11 22:35:58,120:INFO:flipkrat.py:Url hitted
2021-03-11 22:35:58,315:INFO:flipkrat.py:login popup handled
2021-03-11 22:35:58,591:INFO:flipkrat.py:Search begins
2021-03-11 22:36:01,400:INFO:flipkrat.py:Data saved in scrapper file
2021-03-11 22:36:23,309:INFO:flipkrat.py:Url hitted
2021-03-11 22:36:23,496:INFO:flipkrat.py:login popup handled
2021-03-11 22:36:23,770:INFO:flipkrat.py:Search begins
2021-03-11 22:36:33,418:INFO:flipkrat.py:Url hitted
2021-03-11 22:36:33,647:INFO:flipkrat.py:login popup handled
2021-03-11 22:36:34,002:INFO:flipkrat.py:Search begins
2021-03-11 22:36:36,914:INFO:flipkrat.py:Data saved in scrapper file
2021-03-11 22:37:59,845:INFO:flipkrat.py:Thread run completed
2021-03-12 18:10:07,996:INFO:flipkrat.py:Url hitted
2021-03-12 18:10:08,216:INFO:flipkrat.py:login popup handled
2021-03-12 18:10:08,649:INFO:flipkrat.py:Search begins for Nike
2021-03-12 18:10:15,835:INFO:flipkrat.py:Data saved in scrapper file
2021-03-12 18:21:17,976:INFO:flipkrat.py:Url hitted
2021-03-12 18:21:18,307:INFO:flipkrat.py:login popup handled
2021-03-12 18:21:18,661:INFO:flipkrat.py:Search begins for shorts
2021-03-12 18:21:45,120:INFO:flipkrat.py:Thread run completed
2021-03-12 18:51:46,598:INFO:flipkrat.py:Url hitted
2021-03-12 18:51:46,854:INFO:flipkrat.py:login popup handled
2021-03-12 18:51:47,148:INFO:flipkrat.py:Search begins for Nike
2021-03-12 18:51:52,934:INFO:flipkrat.py:Data saved in scrapper file
2021-03-12 18:59:13,412:INFO:flipkrat.py:Url hitted
2021-03-12 18:59:13,585:INFO:flipkrat.py:login popup handled
2021-03-12 18:59:13,871:INFO:flipkrat.py:Search begins for Nike
2021-03-12 18:59:20,027:INFO:flipkrat.py:Data saved in scrapper file
2021-03-12 19:05:39,138:INFO:flipkrat.py:Url hitted
2021-03-12 19:05:39,293:INFO:flipkrat.py:login popup handled
2021-03-12 19:05:39,627:INFO:flipkrat.py:Search begins for Saree
2021-03-12 19:05:45,435:INFO:flipkrat.py:Data saved in scrapper file
2021-03-12 19:48:30,551:INFO:flipkrat.py:Url hitted
2021-03-12 19:48:32,022:INFO:flipkrat.py:login popup handled
2021-03-12 19:48:33,971:INFO:flipkrat.py:Search begins for Nike
2021-03-12 19:48:39,271:INFO:flipkrat.py:Data saved in scrapper file
2021-03-12 19:52:16,469:INFO:flipkrat.py:Url hitted
2021-03-12 19:52:16,797:INFO:flipkrat.py:login popup handled
2021-03-12 19:52:17,244:INFO:flipkrat.py:Search begins for Nike
2021-03-12 19:52:19,627:INFO:flipkrat.py:Data saved in scrapper file
2021-03-12 22:38:31,082:INFO:flipkrat.py:Url hitted
2021-03-12 22:38:31,387:INFO:flipkrat.py:login popup handled
2021-03-12 22:38:31,835:INFO:flipkrat.py:Search begins for Nike
2021-03-12 22:38:38,080:INFO:flipkrat.py:Data saved in scrapper file
2022-01-07 17:49:14,275:INFO:flipkrat.py:Url hitted
2022-01-07 17:49:14,993:INFO:flipkrat.py:login popup handled
2022-01-07 17:49:15,898:INFO:flipkrat.py:Search begins for iphone
2022-01-07 17:49:24,718:INFO:flipkrat.py:Data saved in scrapper file
2022-01-07 17:55:20,013:INFO:flipkrat.py:Url hitted
2022-01-07 17:55:20,187:INFO:flipkrat.py:login popup handled
2022-01-07 17:55:20,529:INFO:flipkrat.py:Search begins for samsungm51
2022-01-07 17:56:07,143:INFO:flipkrat.py:Thread run completed
2022-01-07 17:56:24,024:INFO:flipkrat.py:Url hitted
2022-01-07 17:56:24,185:INFO:flipkrat.py:login popup handled
2022-01-07 17:56:24,575:INFO:flipkrat.py:Search begins for samsungm51
2022-01-07 17:56:34,410:INFO:flipkrat.py:data saved in scrapper file
2022-01-07 17:57:08,685:INFO:flipkrat.py:Thread run completed
2022-01-07 18:56:52,182:INFO:flipkrat.py:Url hitted
2022-01-07 18:56:53,148:INFO:flipkrat.py:login popup handled
2022-01-07 18:56:54,118:INFO:flipkrat.py:Search begins for samsungm51
2022-01-07 18:57:01,916:INFO:flipkrat.py:data saved in scrapper file
2022-01-07 18:58:29,162:INFO:flipkrat.py:Thread run completed
2022-01-08 23:32:42,389:INFO:flipkrat.py:Url hitted
2022-01-08 23:32:42,654:INFO:flipkrat.py:login popup handled
2022-01-08 23:32:43,114:INFO:flipkrat.py:Search begins for iphone
2022-01-08 23:34:23,562:INFO:flipkrat.py:Url hitted
2022-01-08 23:34:23,722:INFO:flipkrat.py:login popup handled
2022-01-08 23:34:24,032:INFO:flipkrat.py:Search begins for iphone
2022-01-08 23:35:35,967:INFO:flipkrat.py:Url hitted
2022-01-08 23:35:36,141:INFO:flipkrat.py:login popup handled
2022-01-08 23:35:36,484:INFO:flipkrat.py:Search begins for samsungm51
2022-01-08 23:37:13,644:INFO:flipkrat.py:Url hitted
2022-01-08 23:37:13,818:INFO:flipkrat.py:login popup handled
2022-01-08 23:37:14,234:INFO:flipkrat.py:Search begins for samsungm51
2022-01-08 23:37:22,967:INFO:flipkrat.py:Data saved in scrapper file
2022-01-09 00:00:02,221:INFO:flipkrat.py:Url hitted
2022-01-09 00:00:02,468:INFO:flipkrat.py:login popup handled
2022-01-09 00:00:02,853:INFO:flipkrat.py:Search begins for samsungm51
2022-01-09 00:01:49,380:INFO:flipkrat.py:Url hitted
2022-01-09 00:01:49,547:INFO:flipkrat.py:login popup handled
2022-01-09 00:01:49,978:INFO:flipkrat.py:Search begins for samsungm51
2022-01-09 00:01:58,526:INFO:flipkrat.py:Data saved in scrapper file
2022-01-09 00:15:20,926:INFO:flipkrat.py:Url hitted
2022-01-09 00:15:21,102:INFO:flipkrat.py:login popup handled
2022-01-09 00:15:21,438:INFO:flipkrat.py:Search begins for oneplus
2022-01-09 00:15:57,370:INFO:flipkrat.py:Thread run completed
